src/components/ui/Button.tsx(45,10): error TS2322: Type '{ children: ReactNode; disabled?: boolean | undefined; form?: string | undefined; formAction?: string | ((formData: FormData) => void | Promise<void>) | undefined; ... 285 more ...; onClick: (e: MouseEvent<...>) => void; }' is not assignable to type 'Omit<HTMLMotionProps<"button">, "ref">'.
  Types of property 'onAnimationStart' are incompatible.
    Type 'AnimationEventHandler<HTMLButtonElement> | undefined' is not assignable to type '((definition: AnimationDefinition) => void) | undefined'.
      Type 'AnimationEventHandler<HTMLButtonElement>' is not assignable to type '(definition: AnimationDefinition) => void'.
        Types of parameters 'event' and 'definition' are incompatible.
          Type 'AnimationDefinition' is not assignable to type 'AnimationEvent<HTMLButtonElement>'.
            Type 'string' is not assignable to type 'AnimationEvent<HTMLButtonElement>'.
src/pages/admin/AdminProjects.tsx(6,10): error TS1484: 'Project' is a type and must be imported using a type-only import when 'verbatimModuleSyntax' is enabled.
src/pages/public/Projects.tsx(4,1): error TS6133: 'Button' is declared but its value is never read.
